// Jest Snapshot v1, https://goo.gl/fbAQLP

exports[`integration 1`] = `
Object {
  "/tijpetshop19qdr42/main.tf": "provider \\"aws\\" {
  assume_role = {
    role_arn = \\"arn:aws:iam::13371337:role/DeploymentRole\\"
  }

  region = \\"eu-north-1\\"
}

terraform {
  backend \\"s3\\" {
    bucket = \\"some-backend-bucket\\"
    key    = \\"tijpetshop19qdr42.terraform.tfstate\\"
    region = \\"eu-north-1\\"
  }
}

data \\"external\\" \\"save_latest_deploy\\" {
  depends_on = [
    \\"aws_dynamodb_table.customers\\",
  ]

  program = [
    \\"node\\",
    \\"-e\\",
    \\"require('@tfinjs/api').utils.saveDeploymentStatus('\${path.root}', 'tijpetshop19qdr42')\\",
  ]
}

resource \\"aws_dynamodb_table\\" \\"customers\\" {
  hash_key = \\"CustomerId\\"
  name     = \\"tijpetshop19qdr42\\"

  provisioner \\"local-exec\\" {
    command = \\"require('@tfinjs/api').utils.saveDeploymentStatus('\${path.root}', 'DESTROYED')\\"

    interpreter = [
      \\"node\\",
      \\"-e\\",
    ]

    when = \\"destroy\\"
  }

  read_capacity  = 20
  write_capacity = 20
}
",
  "/tijpetshop19qdr42/tfinjs.json": "{
  \\"name\\": \\"tijpetshop19qdr42\\",
  \\"uri\\": \\"pet-shop/prod/static/aws/13371337/eu-north-1/customers/aws_dynamodb_table/customers\\",
  \\"contentHash\\": \\"px3wf3\\",
  \\"dependencies\\": []
}",
  "/tijpetshopjr2h4y/main.tf": "provider \\"aws\\" {
  assume_role = {
    role_arn = \\"arn:aws:iam::13371337:role/DeploymentRole\\"
  }

  region = \\"eu-north-1\\"
}

data \\"external\\" \\"save_latest_deploy\\" {
  depends_on = [
    \\"aws_s3_bucket.terraform_state_prod\\",
  ]

  program = [
    \\"node\\",
    \\"-e\\",
    \\"require('@tfinjs/api').utils.saveDeploymentStatus('\${path.root}', 'tijpetshopjr2h4y')\\",
  ]
}

resource \\"aws_s3_bucket\\" \\"terraform_state_prod\\" {
  acl    = \\"private\\"
  bucket = \\"some-backend-bucket\\"

  provisioner \\"local-exec\\" {
    command = \\"require('@tfinjs/api').utils.saveDeploymentStatus('\${path.root}', 'DESTROYED')\\"

    interpreter = [
      \\"node\\",
      \\"-e\\",
    ]

    when = \\"destroy\\"
  }

  versioning = {
    enabled = true
  }
}
",
  "/tijpetshopjr2h4y/tfinjs.json": "{
  \\"name\\": \\"tijpetshopjr2h4y\\",
  \\"uri\\": \\"pet-shop/_/_/aws/13371337/eu-north-1/__tfinjs__backend__/aws_s3_bucket/terraform_state_prod\\",
  \\"contentHash\\": \\"t2zgrk\\",
  \\"dependencies\\": []
}",
}
`;
