// Jest Snapshot v1, https://goo.gl/fbAQLP

exports[`JsToHcl default 1`] = `
"glossary = {
  GlossDiv = {
    GlossList = {
      GlossEntry = {
        Abbrev  = \\"ISO 8879:1986\\"
        Acronym = \\"SGML\\"

        GlossDef = {
          GlossSeeAlso = [
            \\"GML\\",
            \\"XML\\",
          ]

          para = \\"A meta-markup language, used to create markup languages such as DocBook.\\"
        }

        GlossSee  = \\"markup\\"
        GlossTerm = \\"Standard Generalized Markup Language\\"
        ID        = \\"SGML\\"
        SortAs    = \\"SGML\\"
      }
    }

    repeat = true
    title  = \\"S\\"
    value  = 729
  }

  title = \\"example glossary\\"
}
"
`;

exports[`JsToHcl with provisioner 1`] = `
"provisioner \\"local-exec\\" {
  command = \\"echo first\\"
}

provisioner \\"local-exec\\" {
  command = \\"echo second\\"
}
"
`;
